// Jest Snapshot v1, https://goo.gl/fbAQLP

exports[`can use snapshot 1`] = `"foo"`;
