// Jest Snapshot v1, https://goo.gl/fbAQLP

exports[`test/testing/_tests/snapshots/snapshot.test.js/create snapshot 1`] = `"foobar"`;
